// Jest Snapshot v1, https://goo.gl/fbAQLP

exports[`VTNPreloader snapshot 1`] = `
<div
  class="preloader"
>
  <img
    alt="preloader"
    class="preloader__img"
  />
</div>
`;
